// Jest Snapshot v1, https://goo.gl/fbAQLP

exports[`Pruebas del componente <GifItem /> El render coincide con el snapshot  1`] = `
<div>
  <div
    class="card"
  >
    <img
      alt="Dragon Ball"
      src="https://dragonball.gif/"
    />
    <p>
      Dragon Ball
    </p>
  </div>
</div>
`;
